Archive member included to satisfy reference by file (symbol)

d:/software/6 2017-q1-update/bin/../lib/gcc/arm-none-eabi/6.3.1/thumb/v7-m\libgcc.a(_arm_addsubsf3.o)
                              ..\obj\main.o (__aeabi_fadd)
d:/software/6 2017-q1-update/bin/../lib/gcc/arm-none-eabi/6.3.1/thumb/v7-m\libgcc.a(_arm_muldivsf3.o)
                              ..\obj\main.o (__aeabi_fdiv)
d:/software/6 2017-q1-update/bin/../lib/gcc/arm-none-eabi/6.3.1/thumb/v7-m\libgcc.a(_arm_cmpsf2.o)
                              ..\obj\main.o (__aeabi_fcmplt)

Discarded input sections

 .text          0x00000000        0x0 ..\obj\startup_stm32f10x_md_vl.o
 .data          0x00000000        0x0 ..\obj\startup_stm32f10x_md_vl.o
 .bss           0x00000000        0x0 ..\obj\startup_stm32f10x_md_vl.o
 .text          0x00000000        0x0 ..\obj\system_stm32f10x.o
 .data          0x00000000       0x14 ..\obj\system_stm32f10x.o
 .bss           0x00000000        0x0 ..\obj\system_stm32f10x.o
 .text.SystemCoreClockUpdate
                0x00000000       0xd4 ..\obj\system_stm32f10x.o
 .text          0x00000000        0x0 ..\obj\stm32f10x_gpio.o
 .data          0x00000000        0x0 ..\obj\stm32f10x_gpio.o
 .bss           0x00000000        0x0 ..\obj\stm32f10x_gpio.o
 .text.GPIO_DeInit
                0x00000000       0xe4 ..\obj\stm32f10x_gpio.o
 .text.GPIO_AFIODeInit
                0x00000000       0x18 ..\obj\stm32f10x_gpio.o
 .text.GPIO_StructInit
                0x00000000       0x26 ..\obj\stm32f10x_gpio.o
 .text.GPIO_ReadInputDataBit
                0x00000000       0x32 ..\obj\stm32f10x_gpio.o
 .text.GPIO_ReadInputData
                0x00000000       0x18 ..\obj\stm32f10x_gpio.o
 .text.GPIO_ReadOutputDataBit
                0x00000000       0x32 ..\obj\stm32f10x_gpio.o
 .text.GPIO_ReadOutputData
                0x00000000       0x18 ..\obj\stm32f10x_gpio.o
 .text.GPIO_Write
                0x00000000       0x1c ..\obj\stm32f10x_gpio.o
 .text.GPIO_PinLockConfig
                0x00000000       0x42 ..\obj\stm32f10x_gpio.o
 .text.GPIO_EventOutputConfig
                0x00000000       0x4c ..\obj\stm32f10x_gpio.o
 .text.GPIO_EventOutputCmd
                0x00000000       0x20 ..\obj\stm32f10x_gpio.o
 .text.GPIO_PinRemapConfig
                0x00000000       0xe0 ..\obj\stm32f10x_gpio.o
 .text.GPIO_EXTILineConfig
                0x00000000       0x84 ..\obj\stm32f10x_gpio.o
 .text.GPIO_ETH_MediaInterfaceConfig
                0x00000000       0x1c ..\obj\stm32f10x_gpio.o
 .text          0x00000000        0x0 ..\obj\main.o
 .data          0x00000000        0x0 ..\obj\main.o
 .bss           0x00000000        0x0 ..\obj\main.o
 .text          0x00000000        0x0 ..\obj\printf.o
 .data          0x00000000      0x42c ..\obj\printf.o
 .bss           0x00000000        0x0 ..\obj\printf.o
 .text.PrintChar
                0x00000000       0x14 ..\obj\printf.o
 .text.snprintf
                0x00000000       0x30 ..\obj\printf.o
 .rodata        0x00000000       0x24 ..\obj\printf.o
 .text.vfprintf
                0x00000000       0x68 ..\obj\printf.o
 .text.vprintf  0x00000000       0x28 ..\obj\printf.o
 .text.fprintf  0x00000000       0x2c ..\obj\printf.o
 .text.printf   0x00000000       0x28 ..\obj\printf.o
 .text.puts     0x00000000       0x24 ..\obj\printf.o
 .text.fputc    0x00000000       0x40 ..\obj\printf.o
 .text.fputs    0x00000000       0x48 ..\obj\printf.o
 .text          0x00000000        0x0 ..\obj\stm32f10x_rcc.o
 .data          0x00000000       0x14 ..\obj\stm32f10x_rcc.o
 .bss           0x00000000        0x0 ..\obj\stm32f10x_rcc.o
 .text.RCC_DeInit
                0x00000000       0x64 ..\obj\stm32f10x_rcc.o
 .text.RCC_HSEConfig
                0x00000000       0x5c ..\obj\stm32f10x_rcc.o
 .text.RCC_WaitForHSEStartUp
                0x00000000       0x50 ..\obj\stm32f10x_rcc.o
 .text.RCC_AdjustHSICalibrationValue
                0x00000000       0x3c ..\obj\stm32f10x_rcc.o
 .text.RCC_HSICmd
                0x00000000       0x20 ..\obj\stm32f10x_rcc.o
 .text.RCC_PLLConfig
                0x00000000       0x3c ..\obj\stm32f10x_rcc.o
 .text.RCC_PLLCmd
                0x00000000       0x20 ..\obj\stm32f10x_rcc.o
 .text.RCC_PREDIV1Config
                0x00000000       0x40 ..\obj\stm32f10x_rcc.o
 .text.RCC_SYSCLKConfig
                0x00000000       0x38 ..\obj\stm32f10x_rcc.o
 .text.RCC_GetSYSCLKSource
                0x00000000       0x1c ..\obj\stm32f10x_rcc.o
 .text.RCC_HCLKConfig
                0x00000000       0x38 ..\obj\stm32f10x_rcc.o
 .text.RCC_PCLK1Config
                0x00000000       0x38 ..\obj\stm32f10x_rcc.o
 .text.RCC_PCLK2Config
                0x00000000       0x38 ..\obj\stm32f10x_rcc.o
 .text.RCC_ITConfig
                0x00000000       0x4c ..\obj\stm32f10x_rcc.o
 .text.RCC_USBCLKConfig
                0x00000000       0x1c ..\obj\stm32f10x_rcc.o
 .text.RCC_ADCCLKConfig
                0x00000000       0x38 ..\obj\stm32f10x_rcc.o
 .text.RCC_LSEConfig
                0x00000000       0x40 ..\obj\stm32f10x_rcc.o
 .text.RCC_LSICmd
                0x00000000       0x20 ..\obj\stm32f10x_rcc.o
 .text.RCC_RTCCLKConfig
                0x00000000       0x24 ..\obj\stm32f10x_rcc.o
 .text.RCC_RTCCLKCmd
                0x00000000       0x20 ..\obj\stm32f10x_rcc.o
 .text.RCC_GetClocksFreq
                0x00000000      0x15c ..\obj\stm32f10x_rcc.o
 .text.RCC_AHBPeriphClockCmd
                0x00000000       0x3c ..\obj\stm32f10x_rcc.o
 .text.RCC_APB1PeriphClockCmd
                0x00000000       0x3c ..\obj\stm32f10x_rcc.o
 .text.RCC_APB2PeriphResetCmd
                0x00000000       0x3c ..\obj\stm32f10x_rcc.o
 .text.RCC_APB1PeriphResetCmd
                0x00000000       0x3c ..\obj\stm32f10x_rcc.o
 .text.RCC_BackupResetCmd
                0x00000000       0x20 ..\obj\stm32f10x_rcc.o
 .text.RCC_ClockSecuritySystemCmd
                0x00000000       0x20 ..\obj\stm32f10x_rcc.o
 .text.RCC_MCOConfig
                0x00000000       0x20 ..\obj\stm32f10x_rcc.o
 .text.RCC_GetFlagStatus
                0x00000000       0x74 ..\obj\stm32f10x_rcc.o
 .text.RCC_ClearFlag
                0x00000000       0x1c ..\obj\stm32f10x_rcc.o
 .text.RCC_GetITStatus
                0x00000000       0x34 ..\obj\stm32f10x_rcc.o
 .text.RCC_ClearITPendingBit
                0x00000000       0x20 ..\obj\stm32f10x_rcc.o
 .text          0x00000000        0x0 ..\obj\stm32f10x_adc.o
 .data          0x00000000        0x0 ..\obj\stm32f10x_adc.o
 .bss           0x00000000        0x0 ..\obj\stm32f10x_adc.o
 .text.ADC_DeInit
                0x00000000       0x74 ..\obj\stm32f10x_adc.o
 .text.ADC_Init
                0x00000000       0xa4 ..\obj\stm32f10x_adc.o
 .text.ADC_StructInit
                0x00000000       0x36 ..\obj\stm32f10x_adc.o
 .text.ADC_Cmd  0x00000000       0x36 ..\obj\stm32f10x_adc.o
 .text.ADC_DMACmd
                0x00000000       0x36 ..\obj\stm32f10x_adc.o
 .text.ADC_ITConfig
                0x00000000       0x44 ..\obj\stm32f10x_adc.o
 .text.ADC_ResetCalibration
                0x00000000       0x1e ..\obj\stm32f10x_adc.o
 .text.ADC_GetResetCalibrationStatus
                0x00000000       0x2e ..\obj\stm32f10x_adc.o
 .text.ADC_StartCalibration
                0x00000000       0x1e ..\obj\stm32f10x_adc.o
 .text.ADC_GetCalibrationStatus
                0x00000000       0x2e ..\obj\stm32f10x_adc.o
 .text.ADC_SoftwareStartConvCmd
                0x00000000       0x36 ..\obj\stm32f10x_adc.o
 .text.ADC_GetSoftwareStartConvStatus
                0x00000000       0x2e ..\obj\stm32f10x_adc.o
 .text.ADC_DiscModeChannelCountConfig
                0x00000000       0x42 ..\obj\stm32f10x_adc.o
 .text.ADC_DiscModeCmd
                0x00000000       0x36 ..\obj\stm32f10x_adc.o
 .text.ADC_RegularChannelConfig
                0x00000000      0x192 ..\obj\stm32f10x_adc.o
 .text.ADC_ExternalTrigConvCmd
                0x00000000       0x36 ..\obj\stm32f10x_adc.o
 .text.ADC_GetConversionValue
                0x00000000       0x18 ..\obj\stm32f10x_adc.o
 .text.ADC_GetDualModeConversionValue
                0x00000000       0x14 ..\obj\stm32f10x_adc.o
 .text.ADC_AutoInjectedConvCmd
                0x00000000       0x36 ..\obj\stm32f10x_adc.o
 .text.ADC_InjectedDiscModeCmd
                0x00000000       0x36 ..\obj\stm32f10x_adc.o
 .text.ADC_ExternalTrigInjectedConvConfig
                0x00000000       0x34 ..\obj\stm32f10x_adc.o
 .text.ADC_ExternalTrigInjectedConvCmd
                0x00000000       0x36 ..\obj\stm32f10x_adc.o
 .text.ADC_SoftwareStartInjectedConvCmd
                0x00000000       0x36 ..\obj\stm32f10x_adc.o
 .text.ADC_GetSoftwareStartInjectedConvCmdStatus
                0x00000000       0x2e ..\obj\stm32f10x_adc.o
 .text.ADC_InjectedChannelConfig
                0x00000000      0x120 ..\obj\stm32f10x_adc.o
 .text.ADC_InjectedSequencerLengthConfig
                0x00000000       0x42 ..\obj\stm32f10x_adc.o
 .text.ADC_SetInjectedOffset
                0x00000000       0x32 ..\obj\stm32f10x_adc.o
 .text.ADC_GetInjectedConversionValue
                0x00000000       0x2e ..\obj\stm32f10x_adc.o
 .text.ADC_AnalogWatchdogCmd
                0x00000000       0x38 ..\obj\stm32f10x_adc.o
 .text.ADC_AnalogWatchdogThresholdsConfig
                0x00000000       0x26 ..\obj\stm32f10x_adc.o
 .text.ADC_AnalogWatchdogSingleChannelConfig
                0x00000000       0x36 ..\obj\stm32f10x_adc.o
 .text.ADC_TempSensorVrefintCmd
                0x00000000       0x38 ..\obj\stm32f10x_adc.o
 .text.ADC_GetFlagStatus
                0x00000000       0x32 ..\obj\stm32f10x_adc.o
 .text.ADC_ClearFlag
                0x00000000       0x1e ..\obj\stm32f10x_adc.o
 .text.ADC_GetITStatus
                0x00000000       0x54 ..\obj\stm32f10x_adc.o
 .text.ADC_ClearITPendingBit
                0x00000000       0x2a ..\obj\stm32f10x_adc.o
 .debug_info    0x00000000      0xb83 ..\obj\stm32f10x_adc.o
 .debug_abbrev  0x00000000      0x1a9 ..\obj\stm32f10x_adc.o
 .debug_aranges
                0x00000000      0x138 ..\obj\stm32f10x_adc.o
 .debug_ranges  0x00000000      0x128 ..\obj\stm32f10x_adc.o
 .debug_line    0x00000000      0x4cc ..\obj\stm32f10x_adc.o
 .debug_str     0x00000000      0x708 ..\obj\stm32f10x_adc.o
 .comment       0x00000000       0x80 ..\obj\stm32f10x_adc.o
 .debug_frame   0x00000000      0x5a4 ..\obj\stm32f10x_adc.o
 .ARM.attributes
                0x00000000       0x33 ..\obj\stm32f10x_adc.o
 .text          0x00000000        0x0 ..\obj\stm32f10x_usart.o
 .data          0x00000000        0x0 ..\obj\stm32f10x_usart.o
 .bss           0x00000000        0x0 ..\obj\stm32f10x_usart.o
 .text.USART_DeInit
                0x00000000       0xb8 ..\obj\stm32f10x_usart.o
 .text.USART_Init
                0x00000000      0x174 ..\obj\stm32f10x_usart.o
 .text.USART_StructInit
                0x00000000       0x38 ..\obj\stm32f10x_usart.o
 .text.USART_ClockInit
                0x00000000       0x56 ..\obj\stm32f10x_usart.o
 .text.USART_ClockStructInit
                0x00000000       0x2a ..\obj\stm32f10x_usart.o
 .text.USART_Cmd
                0x00000000       0x3e ..\obj\stm32f10x_usart.o
 .text.USART_ITConfig
                0x00000000       0x8e ..\obj\stm32f10x_usart.o
 .text.USART_DMACmd
                0x00000000       0x46 ..\obj\stm32f10x_usart.o
 .text.USART_SetAddress
                0x00000000       0x38 ..\obj\stm32f10x_usart.o
 .text.USART_WakeUpConfig
                0x00000000       0x36 ..\obj\stm32f10x_usart.o
 .text.USART_ReceiverWakeUpCmd
                0x00000000       0x3e ..\obj\stm32f10x_usart.o
 .text.USART_LINBreakDetectLengthConfig
                0x00000000       0x36 ..\obj\stm32f10x_usart.o
 .text.USART_LINCmd
                0x00000000       0x3e ..\obj\stm32f10x_usart.o
 .text.USART_SendData
                0x00000000       0x22 ..\obj\stm32f10x_usart.o
 .text.USART_ReceiveData
                0x00000000       0x1e ..\obj\stm32f10x_usart.o
 .text.USART_SendBreak
                0x00000000       0x22 ..\obj\stm32f10x_usart.o
 .text.USART_SetGuardTime
                0x00000000       0x3a ..\obj\stm32f10x_usart.o
 .text.USART_SetPrescaler
                0x00000000       0x38 ..\obj\stm32f10x_usart.o
 .text.USART_SmartCardCmd
                0x00000000       0x3e ..\obj\stm32f10x_usart.o
 .text.USART_SmartCardNACKCmd
                0x00000000       0x3e ..\obj\stm32f10x_usart.o
 .text.USART_HalfDuplexCmd
                0x00000000       0x3e ..\obj\stm32f10x_usart.o
 .text.USART_OverSampling8Cmd
                0x00000000       0x42 ..\obj\stm32f10x_usart.o
 .text.USART_OneBitMethodCmd
                0x00000000       0x3e ..\obj\stm32f10x_usart.o
 .text.USART_IrDAConfig
                0x00000000       0x36 ..\obj\stm32f10x_usart.o
 .text.USART_IrDACmd
                0x00000000       0x3e ..\obj\stm32f10x_usart.o
 .text.USART_GetFlagStatus
                0x00000000       0x36 ..\obj\stm32f10x_usart.o
 .text.USART_ClearFlag
                0x00000000       0x20 ..\obj\stm32f10x_usart.o
 .text.USART_GetITStatus
                0x00000000       0xb4 ..\obj\stm32f10x_usart.o
 .text.USART_ClearITPendingBit
                0x00000000       0x38 ..\obj\stm32f10x_usart.o
 .debug_info    0x00000000      0x9f7 ..\obj\stm32f10x_usart.o
 .debug_abbrev  0x00000000      0x18d ..\obj\stm32f10x_usart.o
 .debug_aranges
                0x00000000      0x100 ..\obj\stm32f10x_usart.o
 .debug_ranges  0x00000000       0xf0 ..\obj\stm32f10x_usart.o
 .debug_line    0x00000000      0x444 ..\obj\stm32f10x_usart.o
 .debug_str     0x00000000      0x69d ..\obj\stm32f10x_usart.o
 .comment       0x00000000       0x80 ..\obj\stm32f10x_usart.o
 .debug_frame   0x00000000      0x490 ..\obj\stm32f10x_usart.o
 .ARM.attributes
                0x00000000       0x33 ..\obj\stm32f10x_usart.o
 .text          0x00000000        0x0 ..\obj\syscalls.o
 .data          0x00000000        0x0 ..\obj\syscalls.o
 .bss           0x00000000        0x4 ..\obj\syscalls.o
 .text._sbrk    0x00000000       0x3c ..\obj\syscalls.o
 .text.link     0x00000000       0x18 ..\obj\syscalls.o
 .text._close   0x00000000       0x16 ..\obj\syscalls.o
 .text._fstat   0x00000000       0x1e ..\obj\syscalls.o
 .text._isatty  0x00000000       0x14 ..\obj\syscalls.o
 .text._lseek   0x00000000       0x18 ..\obj\syscalls.o
 .text._read    0x00000000       0x18 ..\obj\syscalls.o
 .text._write   0x00000000       0x18 ..\obj\syscalls.o
 .text.abort    0x00000000        0x6 ..\obj\syscalls.o
 .debug_info    0x00000000      0xc5c ..\obj\syscalls.o
 .debug_abbrev  0x00000000      0x20d ..\obj\syscalls.o
 .debug_aranges
                0x00000000       0x60 ..\obj\syscalls.o
 .debug_ranges  0x00000000       0x50 ..\obj\syscalls.o
 .debug_line    0x00000000      0x1f6 ..\obj\syscalls.o
 .debug_str     0x00000000      0x6ca ..\obj\syscalls.o
 .comment       0x00000000       0x80 ..\obj\syscalls.o
 .debug_frame   0x00000000      0x168 ..\obj\syscalls.o
 .ARM.attributes
                0x00000000       0x33 ..\obj\syscalls.o
 .text          0x00000000        0x0 ..\obj\adc.o
 .data          0x00000000        0x0 ..\obj\adc.o
 .bss           0x00000000        0x0 ..\obj\adc.o
 .text          0x00000000        0x0 ..\obj\usart1.o
 .data          0x00000000        0x0 ..\obj\usart1.o
 .bss           0x00000000        0x0 ..\obj\usart1.o
 .text.USART1_Send_double
                0x00000000       0x28 ..\obj\usart1.o
 .data          0x00000000        0x0 d:/software/6 2017-q1-update/bin/../lib/gcc/arm-none-eabi/6.3.1/thumb/v7-m\libgcc.a(_arm_addsubsf3.o)
 .bss           0x00000000        0x0 d:/software/6 2017-q1-update/bin/../lib/gcc/arm-none-eabi/6.3.1/thumb/v7-m\libgcc.a(_arm_addsubsf3.o)
 .data          0x00000000        0x0 d:/software/6 2017-q1-update/bin/../lib/gcc/arm-none-eabi/6.3.1/thumb/v7-m\libgcc.a(_arm_muldivsf3.o)
 .bss           0x00000000        0x0 d:/software/6 2017-q1-update/bin/../lib/gcc/arm-none-eabi/6.3.1/thumb/v7-m\libgcc.a(_arm_muldivsf3.o)
 .data          0x00000000        0x0 d:/software/6 2017-q1-update/bin/../lib/gcc/arm-none-eabi/6.3.1/thumb/v7-m\libgcc.a(_arm_cmpsf2.o)
 .bss           0x00000000        0x0 d:/software/6 2017-q1-update/bin/../lib/gcc/arm-none-eabi/6.3.1/thumb/v7-m\libgcc.a(_arm_cmpsf2.o)

Memory Configuration

Name             Origin             Length             Attributes
rom              0x08000000         0x00020000         xr
ram              0x20000000         0x00002000         xrw
*default*        0x00000000         0xffffffff

Linker script and memory map

                0x20002000                _eram = 0x20002000

.text           0x08000000     0x1497
 *(.isr_vector .isr_vector.*)
 .isr_vector    0x08000000      0x124 ..\obj\startup_stm32f10x_md_vl.o
                0x08000000                g_pfnVectors
 *(.text .text.* .gnu.linkonce.t.*)
 .text.Default_Reset_Handler
                0x08000124       0x60 ..\obj\startup_stm32f10x_md_vl.o
                0x08000124                Default_Reset_Handler
                0x08000124                Reset_Handler
 .text.Default_Handler
                0x08000184        0x6 ..\obj\startup_stm32f10x_md_vl.o
                0x08000184                EXTI2_IRQHandler
                0x08000184                DebugMon_Handler
                0x08000184                TIM1_CC_IRQHandler
                0x08000184                HardFault_Handler
                0x08000184                SysTick_Handler
                0x08000184                PVD_IRQHandler
                0x08000184                PendSV_Handler
                0x08000184                NMI_Handler
                0x08000184                EXTI3_IRQHandler
                0x08000184                EXTI0_IRQHandler
                0x08000184                I2C2_EV_IRQHandler
                0x08000184                TIM1_UP_TIM16_IRQHandler
                0x08000184                UsageFault_Handler
                0x08000184                SPI1_IRQHandler
                0x08000184                TAMPER_IRQHandler
                0x08000184                TIM6_DAC_IRQHandler
                0x08000184                DMA1_Channel4_IRQHandler
                0x08000184                ADC1_IRQHandler
                0x08000184                USART3_IRQHandler
                0x08000184                RTC_IRQHandler
                0x08000184                DMA1_Channel7_IRQHandler
                0x08000184                TIM4_IRQHandler
                0x08000184                I2C1_EV_IRQHandler
                0x08000184                DMA1_Channel6_IRQHandler
                0x08000184                TIM3_IRQHandler
                0x08000184                RCC_IRQHandler
                0x08000184                DMA1_Channel1_IRQHandler
                0x08000184                CEC_IRQHandler
                0x08000184                EXTI15_10_IRQHandler
                0x08000184                TIM7_IRQHandler
                0x08000184                EXTI9_5_IRQHandler
                0x08000184                SPI2_IRQHandler
                0x08000184                MemManage_Handler
                0x08000184                SVC_Handler
                0x08000184                DMA1_Channel5_IRQHandler
                0x08000184                EXTI4_IRQHandler
                0x08000184                TIM1_TRG_COM_TIM17_IRQHandler
                0x08000184                DMA1_Channel3_IRQHandler
                0x08000184                WWDG_IRQHandler
                0x08000184                TIM2_IRQHandler
                0x08000184                EXTI1_IRQHandler
                0x08000184                RTCAlarm_IRQHandler
                0x08000184                USART2_IRQHandler
                0x08000184                I2C2_ER_IRQHandler
                0x08000184                DMA1_Channel2_IRQHandler
                0x08000184                FLASH_IRQHandler
                0x08000184                BusFault_Handler
                0x08000184                I2C1_ER_IRQHandler
                0x08000184                TIM1_BRK_TIM15_IRQHandler
 *fill*         0x0800018a        0x2 
 .text.SystemInit
                0x0800018c       0x70 ..\obj\system_stm32f10x.o
                0x0800018c                SystemInit
 .text.SetSysClock
                0x080001fc        0xc ..\obj\system_stm32f10x.o
 .text.SetSysClockTo24
                0x08000208       0xd4 ..\obj\system_stm32f10x.o
 .text.GPIO_Init
                0x080002dc      0x178 ..\obj\stm32f10x_gpio.o
                0x080002dc                GPIO_Init
 .text.GPIO_SetBits
                0x08000454       0x1c ..\obj\stm32f10x_gpio.o
                0x08000454                GPIO_SetBits
 .text.GPIO_ResetBits
                0x08000470       0x1c ..\obj\stm32f10x_gpio.o
                0x08000470                GPIO_ResetBits
 .text.GPIO_WriteBit
                0x0800048c       0x2e ..\obj\stm32f10x_gpio.o
                0x0800048c                GPIO_WriteBit
 .text.delay    0x080004ba       0x2e ..\obj\main.o
                0x080004ba                delay
 .text.main     0x080004e8      0x1c8 ..\obj\main.o
                0x080004e8                main
 .text.PutChar  0x080006b0       0x1e ..\obj\printf.o
                0x080006b0                PutChar
 .text.PutString
                0x080006ce       0x3a ..\obj\printf.o
                0x080006ce                PutString
 .text.PutUnsignedInt
                0x08000708       0x9c ..\obj\printf.o
                0x08000708                PutUnsignedInt
 .text.PutSignedInt
                0x080007a4       0xf8 ..\obj\printf.o
                0x080007a4                PutSignedInt
 .text.PutHexa  0x0800089c       0xd4 ..\obj\printf.o
                0x0800089c                PutHexa
 .text.vsnprintf
                0x08000970      0x254 ..\obj\printf.o
                0x08000970                vsnprintf
 .text.vsprintf
                0x08000bc4       0x22 ..\obj\printf.o
                0x08000bc4                vsprintf
 .text.sprintf  0x08000be6       0x2c ..\obj\printf.o
                0x08000be6                sprintf
 *fill*         0x08000c12        0x2 
 .text.RCC_APB2PeriphClockCmd
                0x08000c14       0x3c ..\obj\stm32f10x_rcc.o
                0x08000c14                RCC_APB2PeriphClockCmd
 .text.adcInit  0x08000c50       0xb0 ..\obj\adc.o
                0x08000c50                adcInit
 .text.adcGet   0x08000d00       0x14 ..\obj\adc.o
                0x08000d00                adcGet
 .text.NVIC_EnableIRQ
                0x08000d14       0x30 ..\obj\usart1.o
 .text.USART1_Init
                0x08000d44       0x84 ..\obj\usart1.o
                0x08000d44                USART1_Init
 .text.USART1_IRQHandler
                0x08000dc8       0x6c ..\obj\usart1.o
                0x08000dc8                USART1_IRQHandler
 .text.USART1_Send
                0x08000e34       0x30 ..\obj\usart1.o
                0x08000e34                USART1_Send
 .text.USART1_Send_uint32
                0x08000e64       0x2c ..\obj\usart1.o
                0x08000e64                USART1_Send_uint32
 .text.USART1_Send_String
                0x08000e90       0x36 ..\obj\usart1.o
                0x08000e90                USART1_Send_String
 *fill*         0x08000ec6        0x2 
 .text          0x08000ec8      0x21c d:/software/6 2017-q1-update/bin/../lib/gcc/arm-none-eabi/6.3.1/thumb/v7-m\libgcc.a(_arm_addsubsf3.o)
                0x08000ec8                __aeabi_frsub
                0x08000ed0                __subsf3
                0x08000ed0                __aeabi_fsub
                0x08000ed4                __aeabi_fadd
                0x08000ed4                __addsf3
                0x08001034                __aeabi_ui2f
                0x08001034                __floatunsisf
                0x0800103c                __aeabi_i2f
                0x0800103c                __floatsisf
                0x08001058                __aeabi_ul2f
                0x08001058                __floatundisf
                0x08001068                __aeabi_l2f
                0x08001068                __floatdisf
 .text          0x080010e4      0x2a0 d:/software/6 2017-q1-update/bin/../lib/gcc/arm-none-eabi/6.3.1/thumb/v7-m\libgcc.a(_arm_muldivsf3.o)
                0x080010e4                __mulsf3
                0x080010e4                __aeabi_fmul
                0x0800124c                __aeabi_fdiv
                0x0800124c                __divsf3
 .text          0x08001384       0xec d:/software/6 2017-q1-update/bin/../lib/gcc/arm-none-eabi/6.3.1/thumb/v7-m\libgcc.a(_arm_cmpsf2.o)
                0x08001384                __gesf2
                0x08001384                __gtsf2
                0x0800138c                __lesf2
                0x0800138c                __ltsf2
                0x08001394                __nesf2
                0x08001394                __eqsf2
                0x08001394                __cmpsf2
                0x080013f4                __aeabi_cfrcmple
                0x080013fc                __aeabi_cfcmpeq
                0x080013fc                __aeabi_cfcmple
                0x0800140c                __aeabi_fcmpeq
                0x08001420                __aeabi_fcmplt
                0x08001434                __aeabi_fcmple
                0x08001448                __aeabi_fcmpge
                0x0800145c                __aeabi_fcmpgt
 *(.glue_7t)
 .glue_7t       0x08001470        0x0 linker stubs
 *(.glue_7)
 .glue_7        0x08001470        0x0 linker stubs
 *(.rodata .rodata* .gnu.linkonce.r.*)
 .rodata        0x08001470       0x27 ..\obj\usart1.o

.vfp11_veneer   0x08001498        0x0
 .vfp11_veneer  0x08001498        0x0 linker stubs

.v4_bx          0x08001498        0x0
 .v4_bx         0x08001498        0x0 linker stubs

.iplt           0x08001498        0x0
 .iplt          0x08001498        0x0 ..\obj\startup_stm32f10x_md_vl.o

.rel.dyn        0x08001498        0x0
 .rel.iplt      0x08001498        0x0 ..\obj\startup_stm32f10x_md_vl.o

.ARM.extab
 *(.ARM.extab* .gnu.linkonce.armextab.*)

.ARM.exidx
 *(.ARM.exidx* .gnu.linkonce.armexidx.*)
                0x08001498                . = ALIGN (0x4)
                0x08001498                _etext = .
                0x08001498                _sidata = .

.data           0x20000000        0x0 load address 0x08001498
                0x20000000                _sdata = .
 *(.data .data.*)
                0x20000000                . = ALIGN (0x4)
                0x20000000                _edata = .

.igot.plt       0x20000000        0x0
 .igot.plt      0x20000000        0x0 ..\obj\startup_stm32f10x_md_vl.o

.bss            0x20000000        0x0
                0x20000000                _sbss = .
 *(.bss .bss.*)
 *(COMMON)
                0x20000000                . = ALIGN (0x4)
                0x20000000                _ebss = .

.co_stack       0x20000000      0x400
                0x20000000                . = ALIGN (0x8)
 *(.co_stack .co_stack.*)
 .co_stack      0x20000000      0x400 ..\obj\startup_stm32f10x_md_vl.o
                0x20000000                pulStack
                0x20000400                . = ALIGN (0x4)
                0x20000400                _end = .
LOAD ..\obj\startup_stm32f10x_md_vl.o
LOAD ..\obj\system_stm32f10x.o
LOAD ..\obj\stm32f10x_gpio.o
LOAD ..\obj\main.o
LOAD ..\obj\printf.o
LOAD ..\obj\stm32f10x_rcc.o
LOAD ..\obj\stm32f10x_adc.o
LOAD ..\obj\stm32f10x_usart.o
LOAD ..\obj\syscalls.o
LOAD ..\obj\adc.o
LOAD ..\obj\usart1.o
START GROUP
LOAD d:/software/6 2017-q1-update/bin/../lib/gcc/arm-none-eabi/6.3.1/thumb/v7-m\libgcc.a
LOAD d:/software/6 2017-q1-update/bin/../lib/gcc/arm-none-eabi/6.3.1/../../../../arm-none-eabi/lib/thumb/v7-m\libg.a
LOAD d:/software/6 2017-q1-update/bin/../lib/gcc/arm-none-eabi/6.3.1/../../../../arm-none-eabi/lib/thumb/v7-m\libc.a
END GROUP
OUTPUT(18b20.elf elf32-littlearm)

.debug_info     0x00000000     0x3fdd
 .debug_info    0x00000000      0x10b ..\obj\startup_stm32f10x_md_vl.o
 .debug_info    0x0000010b      0x444 ..\obj\system_stm32f10x.o
 .debug_info    0x0000054f      0x6fd ..\obj\stm32f10x_gpio.o
 .debug_info    0x00000c4c      0xb49 ..\obj\main.o
 .debug_info    0x00001795      0xe60 ..\obj\printf.o
 .debug_info    0x000025f5      0x91b ..\obj\stm32f10x_rcc.o
 .debug_info    0x00002f10      0x239 ..\obj\adc.o
 .debug_info    0x00003149      0xe94 ..\obj\usart1.o

.debug_abbrev   0x00000000      0xe37
 .debug_abbrev  0x00000000       0xb6 ..\obj\startup_stm32f10x_md_vl.o
 .debug_abbrev  0x000000b6      0x16c ..\obj\system_stm32f10x.o
 .debug_abbrev  0x00000222      0x1db ..\obj\stm32f10x_gpio.o
 .debug_abbrev  0x000003fd      0x248 ..\obj\main.o
 .debug_abbrev  0x00000645      0x28e ..\obj\printf.o
 .debug_abbrev  0x000008d3      0x1cd ..\obj\stm32f10x_rcc.o
 .debug_abbrev  0x00000aa0       0xed ..\obj\adc.o
 .debug_abbrev  0x00000b8d      0x2aa ..\obj\usart1.o

.debug_aranges  0x00000000      0x368
 .debug_aranges
                0x00000000       0x28 ..\obj\startup_stm32f10x_md_vl.o
 .debug_aranges
                0x00000028       0x38 ..\obj\system_stm32f10x.o
 .debug_aranges
                0x00000060       0xa8 ..\obj\stm32f10x_gpio.o
 .debug_aranges
                0x00000108       0x28 ..\obj\main.o
 .debug_aranges
                0x00000130       0xa0 ..\obj\printf.o
 .debug_aranges
                0x000001d0      0x120 ..\obj\stm32f10x_rcc.o
 .debug_aranges
                0x000002f0       0x28 ..\obj\adc.o
 .debug_aranges
                0x00000318       0x50 ..\obj\usart1.o

.debug_ranges   0x00000000      0x2e8
 .debug_ranges  0x00000000       0x18 ..\obj\startup_stm32f10x_md_vl.o
 .debug_ranges  0x00000018       0x28 ..\obj\system_stm32f10x.o
 .debug_ranges  0x00000040       0x98 ..\obj\stm32f10x_gpio.o
 .debug_ranges  0x000000d8       0x18 ..\obj\main.o
 .debug_ranges  0x000000f0       0x90 ..\obj\printf.o
 .debug_ranges  0x00000180      0x110 ..\obj\stm32f10x_rcc.o
 .debug_ranges  0x00000290       0x18 ..\obj\adc.o
 .debug_ranges  0x000002a8       0x40 ..\obj\usart1.o

.debug_line     0x00000000     0x1351
 .debug_line    0x00000000       0x91 ..\obj\startup_stm32f10x_md_vl.o
 .debug_line    0x00000091      0x1d3 ..\obj\system_stm32f10x.o
 .debug_line    0x00000264      0x362 ..\obj\stm32f10x_gpio.o
 .debug_line    0x000005c6      0x257 ..\obj\main.o
 .debug_line    0x0000081d      0x30b ..\obj\printf.o
 .debug_line    0x00000b28      0x46d ..\obj\stm32f10x_rcc.o
 .debug_line    0x00000f95      0x16b ..\obj\adc.o
 .debug_line    0x00001100      0x251 ..\obj\usart1.o

.debug_str      0x00000000     0x1434
 .debug_str     0x00000000      0x13f ..\obj\startup_stm32f10x_md_vl.o
                                0x151 (size before relaxing)
 .debug_str     0x0000013f      0x1df ..\obj\system_stm32f10x.o
                                0x2d7 (size before relaxing)
 .debug_str     0x0000031e      0x3a1 ..\obj\stm32f10x_gpio.o
                                0x526 (size before relaxing)
 .debug_str     0x000006bf      0x414 ..\obj\main.o
                                0x6df (size before relaxing)
 .debug_str     0x00000ad3      0x117 ..\obj\printf.o
                                0x654 (size before relaxing)
 .debug_str     0x00000bea      0x409 ..\obj\stm32f10x_rcc.o
                                0x67a (size before relaxing)
 .debug_str     0x00000ff3       0x88 ..\obj\adc.o
                                0x1fe (size before relaxing)
 .debug_str     0x0000107b      0x3b9 ..\obj\usart1.o
                                0x9b0 (size before relaxing)

.comment        0x00000000       0x7f
 .comment       0x00000000       0x7f ..\obj\startup_stm32f10x_md_vl.o
                                 0x80 (size before relaxing)
 .comment       0x0000007f       0x80 ..\obj\system_stm32f10x.o
 .comment       0x0000007f       0x80 ..\obj\stm32f10x_gpio.o
 .comment       0x0000007f       0x80 ..\obj\main.o
 .comment       0x0000007f       0x80 ..\obj\printf.o
 .comment       0x0000007f       0x80 ..\obj\stm32f10x_rcc.o
 .comment       0x0000007f       0x80 ..\obj\adc.o
 .comment       0x0000007f       0x80 ..\obj\usart1.o

.ARM.attributes
                0x00000000       0x33
 .ARM.attributes
                0x00000000       0x33 ..\obj\startup_stm32f10x_md_vl.o
 .ARM.attributes
                0x00000033       0x33 ..\obj\system_stm32f10x.o
 .ARM.attributes
                0x00000066       0x33 ..\obj\stm32f10x_gpio.o
 .ARM.attributes
                0x00000099       0x33 ..\obj\main.o
 .ARM.attributes
                0x000000cc       0x33 ..\obj\printf.o
 .ARM.attributes
                0x000000ff       0x33 ..\obj\stm32f10x_rcc.o
 .ARM.attributes
                0x00000132       0x33 ..\obj\adc.o
 .ARM.attributes
                0x00000165       0x33 ..\obj\usart1.o
 .ARM.attributes
                0x00000198       0x1d d:/software/6 2017-q1-update/bin/../lib/gcc/arm-none-eabi/6.3.1/thumb/v7-m\libgcc.a(_arm_addsubsf3.o)
 .ARM.attributes
                0x000001b5       0x1d d:/software/6 2017-q1-update/bin/../lib/gcc/arm-none-eabi/6.3.1/thumb/v7-m\libgcc.a(_arm_muldivsf3.o)
 .ARM.attributes
                0x000001d2       0x1d d:/software/6 2017-q1-update/bin/../lib/gcc/arm-none-eabi/6.3.1/thumb/v7-m\libgcc.a(_arm_cmpsf2.o)

.debug_frame    0x00000000      0xeb0
 .debug_frame   0x00000000       0x4c ..\obj\startup_stm32f10x_md_vl.o
 .debug_frame   0x0000004c       0x98 ..\obj\system_stm32f10x.o
 .debug_frame   0x000000e4      0x2d0 ..\obj\stm32f10x_gpio.o
 .debug_frame   0x000003b4       0x60 ..\obj\main.o
 .debug_frame   0x00000414      0x2dc ..\obj\printf.o
 .debug_frame   0x000006f0      0x51c ..\obj\stm32f10x_rcc.o
 .debug_frame   0x00000c0c       0x54 ..\obj\adc.o
 .debug_frame   0x00000c60      0x104 ..\obj\usart1.o
 .debug_frame   0x00000d64       0x4c d:/software/6 2017-q1-update/bin/../lib/gcc/arm-none-eabi/6.3.1/thumb/v7-m\libgcc.a(_arm_addsubsf3.o)
 .debug_frame   0x00000db0       0x38 d:/software/6 2017-q1-update/bin/../lib/gcc/arm-none-eabi/6.3.1/thumb/v7-m\libgcc.a(_arm_muldivsf3.o)
 .debug_frame   0x00000de8       0xc8 d:/software/6 2017-q1-update/bin/../lib/gcc/arm-none-eabi/6.3.1/thumb/v7-m\libgcc.a(_arm_cmpsf2.o)
